[Skillds.com/index.html]
[backblue.gif]
[fade.gif]
[index.html]
[d33wubrfki0l68.cloudfront.net/css/40e85f98a6bb117ebc3f5db5c0609ad10574594c/styles/style.css]
[Skillds.com/images/favicon.ico]
[Skillds.com/images/apple-touch-icon-precomposed.png]
[d33wubrfki0l68.cloudfront.net/js/5fc559c700b21aaf73df94357fa99acf978c1902/scripts/scroll.js]
[Skillds.com/privacy-policy.html]
[Skillds.com/about.html]
[Skillds.com/blog.html]
[d33wubrfki0l68.cloudfront.net/be2a9e72f7d2bac82f9cbefd5a51018c261d0dab/7f9c0/images/home/hero-hands.png]
[d33wubrfki0l68.cloudfront.net/0db0f5c944a357deb0403da4df434c834e567b49/11523/images/home/hero-ui/hero-ui_2808w.jpg]
[d33wubrfki0l68.cloudfront.net/a5d1ea361a39380366397220352a26dbef273d60/167d7/images/home/templates/slide01_360w.png]
[d33wubrfki0l68.cloudfront.net/d7badb83a23d1b9c6f4e000cb4371d08f91d5252/09b0f/images/home/templates/slide02_360w.png]
[d33wubrfki0l68.cloudfront.net/0fe65ae3ad4306ed144f1ceedeabf8574f09fc5e/83353/images/home/templates/slide03_360w.png]
[d33wubrfki0l68.cloudfront.net/ca2bd969136d0a6822a502a3f26b43eea8c46ccc/62c68/images/home/templates/slide04_360w.png]
[d33wubrfki0l68.cloudfront.net/11a682e2fda2d7f9a354622f76538517271c8156/83591/images/home/templates/slide05_360w.png]
[d33wubrfki0l68.cloudfront.net/aa0f7fe0b6308771f35e8b434e947f3b345c4c4b/05545/images/home/templates/slide06_360w.jpg]
[d33wubrfki0l68.cloudfront.net/6368af4783de6da255b80708e82db9b2b06e3799/dfa34/images/home/templates/slide07_360w.jpg]
[d33wubrfki0l68.cloudfront.net/c955220e0374ee8692e6c9d86a41288661c346ba/3b8e1/images/home/templates/slide08_360w.png]
[d33wubrfki0l68.cloudfront.net/841afca3298ea9f2a371e351d94934b9864d9d77/d2e8c/images/home/templates/slide09_360w.jpg]
[d33wubrfki0l68.cloudfront.net/50f773e1444c30a74cdfbe994103115d2597e01b/fdc09/images/home/templates/slide10_360w.jpg]
[d33wubrfki0l68.cloudfront.net/8a0e6974cb61a0db9daacbec23f4ce656a4aaf5a/f287a/images/home/templates/slide11_360w.jpg]
[d33wubrfki0l68.cloudfront.net/90df9c3107418e2c9ccf379e2520e85bbcfabc32/e470a/images/home/templates/slide12_360w.png]
[d33wubrfki0l68.cloudfront.net/1ef383e81db6eae29b8b7c0582b53404c6325726/e7aba/images/home/templates/slide13_360w.png]
[d33wubrfki0l68.cloudfront.net/b02ff24372a2c9d0c4f0815c2ed1815e7e1904f1/fdafd/images/home/templates/slide14_360w.jpg]
[d33wubrfki0l68.cloudfront.net/5cf581fcce7d1350959bb908af22dcd2a930f476/85c1e/images/home/templates/slide15_360w.png]
[d33wubrfki0l68.cloudfront.net/99b1d3b3827c7854dc6fef2580278f68e390857d/df143/images/home/templates/slide16_360w.png]
[d33wubrfki0l68.cloudfront.net/9eaba935c40973bcdfbef10ce31c000f3a235bcc/4120f/images/home/templates/slide17_360w.jpg]
[d33wubrfki0l68.cloudfront.net/f6cb14ca77365436cf313134060435a980738d06/9b7a8/images/home/templates/slide18_360w.jpg]
[d33wubrfki0l68.cloudfront.net/bc26d70eb509d792715c3321fbc949a36ce77bb5/0e23f/images/home/templates/slide19_360w.png]
[d33wubrfki0l68.cloudfront.net/b7c0628025db598bd6e5c2487450d44b76ee29e0/0d0da/images/home/templates/slide20_360w.jpg]
[d33wubrfki0l68.cloudfront.net/9d401455666d2c56ff17a6800b482deab4267b3a/1a154/images/home/templates/slide21_360w.png]
[d33wubrfki0l68.cloudfront.net/908f6425ee4741352f65fbe8ae6dc8e451b1688a/178d9/images/home/templates/slide22_360w.jpg]
[d33wubrfki0l68.cloudfront.net/6282ea6459246178bc37a06d0c9d41eace0d9a21/7276d/images/home/templates/slide23_360w.jpg]
[d33wubrfki0l68.cloudfront.net/73b13ec8a6c2bbaec8ae9498ec1973e10f981e41/89278/images/home/templates/slide24_360w.jpg]
[d33wubrfki0l68.cloudfront.net/72324d681b08856c1b5b81b50a4b5f4072784552/c9829/images/home/templates/slide25_360w.png]
[d33wubrfki0l68.cloudfront.net/fc88fdc96cd04158f1ee1a2c360f8608953f07d7/3ed2f/images/home/templates/slide26_360w.png]
[d33wubrfki0l68.cloudfront.net/87b7660aa16b6073dd08a04c9d33aa3f6dce35fe/48937/images/home/templates/slide27_360w.png]
[d33wubrfki0l68.cloudfront.net/1ab83bb5edbeac13c50474093b821b5d131bab51/9b65f/images/home/templates/slide28_360w.jpg]
[d33wubrfki0l68.cloudfront.net/b715bf473395e185df00ec72989d3cee987fca50/79849/images/home/templates/slide29_360w.png]
[d33wubrfki0l68.cloudfront.net/32c956e521578d1d1e176659ef86ce9af0ad35da/c1d0c/images/home/templates/slide30_360w.jpg]
[d33wubrfki0l68.cloudfront.net/30106476173bbae67ac199f3258dd21405719072/5ebb8/images/home/templates/slide31_360w.jpg]
[d33wubrfki0l68.cloudfront.net/24048acc92ea5c16da7e3afc7e17695f708e075c/25328/images/home/templates/slide32_360w.jpg]
[d33wubrfki0l68.cloudfront.net/57696cb97d860ac79e58ac807dd86e6113991931/97fba/images/home/templates/slide33_360w.png]
[d33wubrfki0l68.cloudfront.net/1fa91ee0628a6c8a2b0ced343f6827cfd6a75e2c/7bdde/images/home/templates/slide34_360w.jpg]
[d33wubrfki0l68.cloudfront.net/96f53c92c5644c153c1ca4d6ca5ed60bd370fc1a/ff8f0/images/home/templates/slide35_360w.png]
[d33wubrfki0l68.cloudfront.net/bc699bd7137ab299b8539c2eaf65cb5841f2c00d/c6965/images/home/sharing/tablet_1200w.jpg]
[d33wubrfki0l68.cloudfront.net/58e87a134d03eb0b9461cb750af0efe4b4b0b1a5/a94ed/images/home/sharing/shadow.png]
[d33wubrfki0l68.cloudfront.net/db1336ae757d89b4d71413421d990d83cf32f060/e3994/images/home/sharing/plane_800w.png]
[d33wubrfki0l68.cloudfront.net/a54e84d61bd931ff29b9b34aea40b7e70b949ce0/a2ef4/images/home/sharing/invite.png]
[d33wubrfki0l68.cloudfront.net/9cf58442005560e0daf8727c1f3ec7fe4f9fdfda/ba2a9/images/home/sharing/hand_300w.png]
[Skillds.com/blog/our-plans-for-Skillds-in-2020.html]
[d33wubrfki0l68.cloudfront.net/e7532a57addec3eb8c461684420711d16a20ff80/5d6f3/uploads/stealthreveal_header_thumbnail.jpg]
[d33wubrfki0l68.cloudfront.net/2ac4a0baf431ec8024eb9e75fd9c6b92ce5364fa/42cbb/images/testimonials/rahul.jpg]
[d33wubrfki0l68.cloudfront.net/f29b0517e62e0a6cbdbdb0b4f8dac2f36e004f51/166c5/images/testimonials/aidan.jpg]
[d33wubrfki0l68.cloudfront.net/ea902077353e54c9b29a9bee8311d8fc780ba85b/db8fe/images/testimonials/shane.jpg]
[Skillds.com/whats-new.html]
[Skillds.com/press.html]
[Skillds.com/legal-notice.html]
[Skillds.com/terms-of-use.html]
[Skillds.com/dpa.html]
[Skillds.com/dmca-policy.html]
[Skillds.com/erdf.html]
[d33wubrfki0l68.cloudfront.net/4ee3cc4ce0002c4eaf720260796c7b4d0126cd52/0a3b7/images/bump.jpg]
[Skillds.com/index.html]
[d33wubrfki0l68.cloudfront.net/js/6e7f31720938334b0e9f7bb9a9d5f01b4d843942/scripts/main.js]
[d33wubrfki0l68.cloudfront.net/images/about/ab31b1c194040f5aee1e733701bc7d4e41b713ec/confetti.png]
[d33wubrfki0l68.cloudfront.net/images/home/templates/6f88234f7e1c0cf4dffe261da05a7e37855381b7/shadow.png]
[d33wubrfki0l68.cloudfront.net/css/40e85f98a6bb117ebc3f5db5c0609ad10574594c/styles/style.css]
[www.googletagmanager.com/gtm5445.html]
[Skillds.com/archive/privacy-policy/privacy-policy-v1.1.html]
[Skillds.com/archive/privacy-policy/privacy-policy-v1.1-2.html]
[Skillds.com/archive/privacy-policy/privacy-policy-v1.1-3.html]
[Skillds.com/archive/privacy-policy/privacy-policy-v1.1-4.html]
[Skillds.com/archive/privacy-policy/privacy-policy-v1.1-5.html]
[Skillds.com/privacy-policy.html]
[Skillds.com/archive/privacy-policy/privacy-policy-v1.1-6.html]
[d33wubrfki0l68.cloudfront.net/3349c62f8b19ed9ff676f728d0a8384b0e2768ba/b8fb4/images/about/gurl.png]
[d33wubrfki0l68.cloudfront.net/0f0a5c9e1bb7c87bef4b7a1b62f72c97ac78c597/d6bad/images/about/christian.jpg]
[d33wubrfki0l68.cloudfront.net/f16814d630c0eff6cbf38133ece49c97036082c6/b8de1/images/about/charlette.jpg]
[d33wubrfki0l68.cloudfront.net/65f59d3b63704c04bf45fc356332d71c758f780d/05475/images/about/jan.jpg]
[d33wubrfki0l68.cloudfront.net/8d0441a8ab2fe767a2d9ab4d8d9a275886feefa6/39022/images/about/eric.jpg]
[d33wubrfki0l68.cloudfront.net/e1cb49aedf23921f8c0b80d36b764d18d83a732f/e8b3f/images/about/adam.jpg]
[d33wubrfki0l68.cloudfront.net/f19893f4278afade5f9788bc64d480f1666adda0/fd947/images/about/marvin.jpg]
[d33wubrfki0l68.cloudfront.net/8f2279783cce0a9027a143ed1267f5149dab7ce5/3f99b/images/about/vanessa.jpg]
[d33wubrfki0l68.cloudfront.net/150f24948970e3adf52e089bd76623d8f43b9a54/8727c/images/about/misha.jpg]
[d33wubrfki0l68.cloudfront.net/403ac8104e0b1566c3f7631893ce51d17d939eb5/1b1b9/images/about/office1.png]
[d33wubrfki0l68.cloudfront.net/95e914d309cdfecb71306256f3f01bdb69319658/c75bf/images/about/party.png]
[d33wubrfki0l68.cloudfront.net/82e23924ecef6d9b90a1d321842b078e54c6657f/56b96/images/about/otto.png]
[d33wubrfki0l68.cloudfront.net/b0a73d48674fdc373334166b1f321a6526354905/2a720/images/about/office2.png]
[Skillds.com/about.html]
[Skillds.com/blog/running-remote-offsites-and-onboardings.html]
[d33wubrfki0l68.cloudfront.net/db49d040d46ef94ae0e965571665351e16c50956/1de12/uploads/featured_landscape_remoteoffsite.jpg]
[Skillds.com/blog/all-hands-team-bulletins.html]
[d33wubrfki0l68.cloudfront.net/62e3e2c59094eae15c58eaa100fc4649aa1480fd/e4ce5/uploads/bulletin_cover.jpg]
[d33wubrfki0l68.cloudfront.net/2eda523a87aaa036f0f787642a9758b8fd270ce6/b1f14/uploads/jeremy_cover.png]
[Skillds.com/blog/from-counter-strike-to-keyboard-shortcuts.html]
[d33wubrfki0l68.cloudfront.net/4976938aec14ea9026382ba56569bf751887239d/6c742/uploads/cover_ramsaxel.jpg]
[Skillds.com/blog/why-we-redesigned-Skillds-before-we-launched.html]
[d33wubrfki0l68.cloudfront.net/e8c50f2ba9729a1d5f0edd172afbd3cd76a63736/4bc34/images/fanboy-banner.png]
[Skillds.com/blog/why-you-should-develop-features-people-dont-ask-for.html]
[Skillds.com/blog/collaborative-design-process.html]
[Skillds.com/blog/designing-presentation-templates.html]
[Skillds.com/blog/Skillds-product-redesign-collaboration-features.html]
[d33wubrfki0l68.cloudfront.net/2d265ebbc76bd0e437bc560cc60d984456df013d/4e152/uploads/smallheader_ramsrefresh.jpg]
[Skillds.com/blog/product-updates-q2-2020.html]
[d33wubrfki0l68.cloudfront.net/3ab8b9bd90cd22af090c16899ccfe924b6326c07/ca2cc/uploads/cover-thumbnail-420x300.jpg]
[Skillds.com/blog/how-supercast-raised-2m-using-Skillds.html]
[d33wubrfki0l68.cloudfront.net/ef8165f5d0d85b77536c1d30254bf0b1a7316b62/bfef1/uploads/supercast_thumbnail.jpg]
[d33wubrfki0l68.cloudfront.net/56777a24de357989b5b61b64ae7f787a81b1ddf5/9d11a/uploads/kevinspost_coverthumbnail.jpg]
[d33wubrfki0l68.cloudfront.net/d93ba24b602d5446f546e89e7053e09dab82105f/f26bd/uploads/remote_cover.jpg]
[Skillds.com/blog/communicating-collaborating-through-change.html]
[d33wubrfki0l68.cloudfront.net/425509342998671255cfe3de2099499333d7884f/9100d/uploads/fabspost_thumbnail.jpg]
[d33wubrfki0l68.cloudfront.net/2231b2b526aee50e9a474bc2228188da713b3a70/15b1a/uploads/coverthumbmnail.png]
[d33wubrfki0l68.cloudfront.net/2e8c390d3ca8a12b5ef3bf6204b4a6a8ae651010/795e4/uploads/lprspotlight_cover.jpg]
[Skillds.com/blog/shining-a-spotlight-on-our-beta-users.html]
[Skillds.com/blog/on-inclusivity-in-a-modern-workplace.html]
[d33wubrfki0l68.cloudfront.net/7cc3c058407afd847dd19e799d3e1210d02153b3/cc36f/uploads/womensday_cover.jpg]
[Skillds.com/blog/announcing-our-limited-preview-beta-and-new-funding.html]
[d33wubrfki0l68.cloudfront.net/6fc94f2fd27fcba7dec88743a6e968148b059356/ca174/uploads/Skillds-lpr.jpg]
[d33wubrfki0l68.cloudfront.net/f51c9379517b134d2eb28058c085d275069dd2ba/55cda/uploads/funding_cover.jpg]
[Skillds.com/blog.html]
[Skillds.com/blog/Skillds-raises-19-million-from-index-slack-and-more.html]
[d33wubrfki0l68.cloudfront.net/0a6d099b2195cf95e4b320a2410cdd235ced7655/24bad/uploads/stealthreveal_header_small.jpg]
[d33wubrfki0l68.cloudfront.net/889969c5d8f9cd90d8e718b8f6856f242d54efa0/a8bd2/uploads/christian.jpg]
[d33wubrfki0l68.cloudfront.net/583014c73d7487170cbea7041ef57294ccbb06c8/1e2ee/uploads/stealthreveal_post_rollout_big.jpg]
[Skillds.com/blog/our-plans-for-Skillds-in-2020.html]
[d33wubrfki0l68.cloudfront.net/4f21eb82e3dfb5db9e315b00fa8c7335471c7ba9/a562f/images/whats-new/chart_176w.png]
[res.cloudinary.com/Skillds-software/image/upload/w_396,c_scale/v1596635724/website-assets/whats-new/mic_acaxno.jpg]
[res.cloudinary.com/Skillds-software/image/upload/w_360,c_scale/v1596635724/website-assets/whats-new/megaphone_quo8mk.jpg]
[Skillds.com/whats-new/theres-a-template-for-that.html]
[d33wubrfki0l68.cloudfront.net/c294c42a460e8edebceb5711a8dc23da9606f5d7/93fce/uploads/cover-whats-new-aug-25-1-.png]
[Skillds.com/whats-new/tips-tricks-and-tweaks.html]
[d33wubrfki0l68.cloudfront.net/9302b905dbafd5d29a7a48de0d0d2aa5a281f6d3/cda8a/uploads/cover-whats-new-aug-18.png]
[Skillds.com/whats-new/a-focus-on-fixes.html]
[d33wubrfki0l68.cloudfront.net/cfb261a6ef16299579cc3ca89f0d39fbb7949063/3091f/uploads/cover-whats-new-aug-11.png]
[Skillds.com/whats-new/a-brand-new-look.html]
[res.cloudinary.com/Skillds-software/image/upload/w_1120,c_scale/v1596546171/whats-new/200804_Weekly_Release_Notes_3200x1800_vr1d6e.png]
[Skillds.com/whats-new/the-art-of-charts.html]
[res.cloudinary.com/Skillds-software/image/upload/w_1120,c_scale/v1596110004/whats-new/200721_Weekly_Release_Notes_3200x1800_mwne2c.jpg]
[Skillds.com/whats-new/lock-it-up.html]
[res.cloudinary.com/Skillds-software/image/upload/w_1120,c_scale/v1596110003/whats-new/200714_Weekly_Release_Notes_3200x1800_eqgp0v.jpg]
[Skillds.com/whats-new/invite-delight.html]
[res.cloudinary.com/Skillds-software/image/upload/w_1120,c_scale/v1596110001/whats-new/200707_Weekly_Release_Notes_3200x1800_ybdffk.jpg]
[Skillds.com/whats-new/templates-worth-talking-about.html]
[res.cloudinary.com/Skillds-software/image/upload/w_1120,c_scale/v1596109998/whats-new/200630_Weekly_Release_Notes_3200x1800_cp6l8t.jpg]
[Skillds.com/whats-new/share-ideas-anywhere.html]
[res.cloudinary.com/Skillds-software/image/upload/w_1120,c_scale/v1596109996/whats-new/200623_Weekly_Release_Notes_3200x1800_av0yuo.jpg]
[Skillds.com/whats-new/spring-cleaning.html]
[res.cloudinary.com/Skillds-software/image/upload/w_1120,c_scale/v1596109994/whats-new/200616_Weekly_Release_Notes_3200x1800_txidjx.jpg]
[Skillds.com/whats-new/bye-bye-bugs.html]
[res.cloudinary.com/Skillds-software/image/upload/w_1120,c_scale/v1596109992/whats-new/200609_Weekly_Release_Notes_3200x1800_hpxngi.jpg]
[Skillds.com/whats-new/an-excellent-update.html]
[res.cloudinary.com/Skillds-software/image/upload/w_1120,c_scale/v1596109991/whats-new/200602_Weekly_Release_Notes_3200x1800_tytlxa.jpg]
[Skillds.com/whats-new/a-template-for-success.html]
[res.cloudinary.com/Skillds-software/image/upload/w_1120,c_scale/v1596109988/whats-new/200519_Weekly_Release_Notes_3200x1800_mbrim4.jpg]
[Skillds.com/whats-new/lending-a-hand.html]
[res.cloudinary.com/Skillds-software/image/upload/w_1120,c_scale/v1596109988/whats-new/200512_Weekly_Release_Notes_3200x1800_xq86vz.jpg]
[Skillds.com/whats-new/multiply-your-impact.html]
[res.cloudinary.com/Skillds-software/image/upload/w_1120,c_scale/v1596109986/whats-new/200505_Weekly_Release_Notes_3200x1800_mcrrns.jpg]
[Skillds.com/whats-new/follow-along.html]
[res.cloudinary.com/Skillds-software/image/upload/w_1120,c_scale/v1596112919/whats-new/200428_Weekly_Release_Notes_3200x1800_hnxqdf.jpg]
[Skillds.com/whats-new/data-is-beautiful.html]
[res.cloudinary.com/Skillds-software/image/upload/w_1120,c_scale/v1596112915/whats-new/200415_Weekly_Release_Notes_3200x1800_sk51ed.jpg]
[Skillds.com/whats-new/be-our-guest.html]
[res.cloudinary.com/Skillds-software/image/upload/w_1120,c_scale/v1596112912/whats-new/200407_Weekly_Release_Notes_3200x1800_b2dkf6.jpg]
[Skillds.com/whats-new/join-us-at-the-table.html]
[res.cloudinary.com/Skillds-software/image/upload/w_1120,c_scale/v1596112909/whats-new/200331_Weekly_Release_Notes_3200x1800_m516vt.jpg]
[Skillds.com/whats-new/a-big-reveal.html]
[res.cloudinary.com/Skillds-software/image/upload/w_1120,c_scale/v1596485730/whats-new/200325_Weekly_Release_Notes_3200x1800_ooy8wk.jpg]
[Skillds.com/whats-new/add-more-style-to-your-decks.html]
[res.cloudinary.com/Skillds-software/image/upload/w_1120,c_scale/v1596112903/whats-new/200317_Weekly_Release_Notes_3200x1800_ive4dy.jpg]
[Skillds.com/whats-new/cut-yourself-some-slack.html]
[Skillds.com/whats-new/share-scan-and-discover.html]
[res.cloudinary.com/Skillds-software/image/upload/w_1120,c_scale/v1596112896/whats-new/200304_Weekly_Release_Notes_3200x1800_rwtbh3.jpg]
[Skillds.com/whats-new/keep-tabs-on-all-your-work.html]
[res.cloudinary.com/Skillds-software/image/upload/w_1120,c_scale/v1596112894/whats-new/200225_Weekly_Release_Notes_3200x1800_cpwqle.jpg]
[Skillds.com/whats-new/the-shape-of-things-to-come.html]
[res.cloudinary.com/Skillds-software/image/upload/w_1120,c_scale/v1596112889/whats-new/200218_Weekly_Release_Notes_3200x1800_sk6e9f.jpg]
[Skillds.com/whats-new/tons-of-tweaks.html]
[res.cloudinary.com/Skillds-software/image/upload/w_1120,c_scale/v1596112885/whats-new/200204_Weekly_Release_Notes_3200x1800_y3l7ji.jpg]
[Skillds.com/whats-new/time-for-templates.html]
[res.cloudinary.com/Skillds-software/image/upload/w_1120,c_scale/v1596112883/whats-new/200121_Weekly_Release_Notes_3200x1800_utzfn5.jpg]
[Skillds.com/whats-new/work-faster-with-shortcuts.html]
[res.cloudinary.com/Skillds-software/image/upload/w_1120,c_scale/v1596112881/whats-new/200107_Weekly_Release_Notes_3200x1800_urezkc.jpg]
[Skillds.com/whats-new/adding-endofyear-polish.html]
[res.cloudinary.com/Skillds-software/image/upload/w_1120,c_scale/v1596112880/whats-new/191203_Weekly_Release_Notes_3200x1800_gfq8xs.jpg]
[Skillds.com/whats-new/public-sharing-is-caring.html]
[res.cloudinary.com/Skillds-software/image/upload/w_1120,c_scale/v1596112878/whats-new/191121_Weekly_Release_Notes_3200x1800_jvqwpb.jpg]
[Skillds.com/whats-new/crossing-ts-dotting-is.html]
[res.cloudinary.com/Skillds-software/image/upload/w_1120,c_scale/v1596112875/whats-new/191113_Weekly_Release_Notes_3200x1800_rav72n.jpg]
[Skillds.com/whats-new/the-gif-that-keeps-on-gifing.html]
[res.cloudinary.com/Skillds-software/image/upload/w_1120,c_scale/v1596112874/whats-new/191106_Weekly_Release_Notes_3200x1800_s8xr7u.jpg]
[Skillds.com/whats-new/a-fonttastic-update.html]
[res.cloudinary.com/Skillds-software/image/upload/w_1120,c_scale/v1596112871/whats-new/191030_Weekly_Release_Notes_3200x1800_ri56bu.jpg]
[Skillds.com/whats-new/more-space-for-your-big-ideas.html]
[res.cloudinary.com/Skillds-software/image/upload/w_1120,c_scale/v1596112869/whats-new/191023_Weekly_Release_Notes_3200x1800_b3ex68.jpg]
[Skillds.com/whats-new/small-improvements-with-big-impact.html]
[res.cloudinary.com/Skillds-software/image/upload/w_1120,c_scale/v1596112867/whats-new/191015_Weekly_Release_Notes_3200x1800_fj6rex.jpg]
[Skillds.com/whats-new/the-key-to-faster-presentation.html]
[res.cloudinary.com/Skillds-software/image/upload/w_1120,c_scale/v1596112865/whats-new/191008_Weekly_Release_Notes_3200x1800_y2lhjr.jpg]
[Skillds.com/whats-new/time-to-celebrate.html]
[res.cloudinary.com/Skillds-software/image/upload/w_1120,c_scale/v1596485257/whats-new/191002_Weekly_Release_Notes_3200x1800_fgdxyr.jpg]
[Skillds.com/whats-new/beauty-in-the-details.html]
[res.cloudinary.com/Skillds-software/image/upload/w_1120,c_scale/v1596112861/whats-new/190924_Weekly_Release_Notes_3200x1800_b7oane.jpg]
[Skillds.com/whats-new/tidy-tada.html]
[res.cloudinary.com/Skillds-software/image/upload/w_1120,c_scale/v1596112859/whats-new/190917_Weekly_Release_Notes_3200x1800_iyzgaa.jpg]
[Skillds.com/whats-new/a-need-for-speed.html]
[res.cloudinary.com/Skillds-software/image/upload/w_1120,c_scale/v1596112858/whats-new/190910_Weekly_Release_Notes_3200x1800_ex9vqf.jpg]
[Skillds.com/whats-new/express-yourself.html]
[res.cloudinary.com/Skillds-software/image/upload/w_1120,c_scale/v1596112856/whats-new/190903_Weekly_Release_Notes_3200x1800_wjtjmf.jpg]
[Skillds.com/whats-new/youve-got-mail.html]
[res.cloudinary.com/Skillds-software/image/upload/w_1120,c_scale/v1596112853/whats-new/190828_Weekly_Release_Notes_3200x1800_uyf5dk.jpg]
[Skillds.com/whats-new/houston-do-you-copy.html]
[res.cloudinary.com/Skillds-software/image/upload/w_1120,c_scale/v1596112852/whats-new/190820_Weekly_Release_Notes_3200x1800_c2inaw.jpg]
[Skillds.com/whats-new/who-doesnt-love-drop-shadows.html]
[res.cloudinary.com/Skillds-software/image/upload/w_1120,c_scale/v1596112850/whats-new/190813_Weekly_Release_Notes_3200x1800_m1qdmk.jpg]
[Skillds.com/whats-new/a-Skillds-perfect-makeover.html]
[res.cloudinary.com/Skillds-software/image/upload/w_1120,c_scale/v1596112849/whats-new/190806_Weekly_Release_Notes_3200x1800_fvlfdi.jpg]
[Skillds.com/whats-new/right-back-you.html]
[res.cloudinary.com/Skillds-software/image/upload/w_1120,c_scale/v1596112846/whats-new/190730_Weekly_Release_Notes_3200x1800_vakyoh.jpg]
[Skillds.com/whats-new.html]
[d33wubrfki0l68.cloudfront.net/8a9ae89972975c8145dfe95c26eef977a70cb1ff/2cf24/images/press/cam.png]
[d33wubrfki0l68.cloudfront.net/c8e93f1c04b2f0bdea138e6db2806c2757638eb2/bbda3/images/press/bubbleblue.png]
[d33wubrfki0l68.cloudfront.net/72c3c9ac659ca2f7521240578f8ad6e1ac3cfe93/28615/images/press/venture-beat.png]
[d33wubrfki0l68.cloudfront.net/8897434547acbb4bc396462f3c6f8e457265a584/57941/images/press/cnbc.png]
[d33wubrfki0l68.cloudfront.net/f60e02e4b648fbdf0bb98dbe77d2fad729720dc8/22579/images/press/business-insider.png]
[d33wubrfki0l68.cloudfront.net/f620f12b26ed4a9c26280fb0c45aebfaaa2b7500/1d70a/images/press/media-kit.png]
[Skillds.com/press.html]
[Skillds.com/legal-notice.html]
[Skillds.com/terms-of-use.html]
[Skillds.com/terms-of-use/v1.0.html]
[Skillds.com/dpa.html]
[Skillds.com/dmca-policy.html]
[Skillds.com/archive/dpa/dpa-v1.html]
[d33wubrfki0l68.cloudfront.net/453757321ad51c6848871658cf93125c043adf95/ab5f8/images/erdf.png]
[Skillds.com/erdf.html]
[Skillds.com/files/legal/2020-02-26-Skillds-DPA-version-1.0.1.pdf]
[d33wubrfki0l68.cloudfront.net/css/40e85f98a6bb117ebc3f5db5c0609ad10574594c/styles/webfonts/3A2AFF_0_0.html]
[d33wubrfki0l68.cloudfront.net/css/40e85f98a6bb117ebc3f5db5c0609ad10574594c/styles/webfonts/3A2AFF_1_0.html]
[Skillds.com/archive/privacy-policy/privacy-policy-v1.1.html]
[Skillds.com/archive/privacy-policy/privacy-policy-v1.1-2.html]
[Skillds.com/archive/privacy-policy/privacy-policy-v1.1-3.html]
[Skillds.com/archive/privacy-policy/privacy-policy-v1.1-4.html]
[Skillds.com/archive/privacy-policy/privacy-policy-v1.1-5.html]
[Skillds.com/archive/privacy-policy/privacy-policy-v1.1-6.html]
[d33wubrfki0l68.cloudfront.net/d6af72b7ad47ae91c2424d7e99a565c934f5e96c/d2e25/uploads/headersmall_remoteoffside.jpg]
[d33wubrfki0l68.cloudfront.net/716a8a616d7ff4b13a5c82bdaca11dfff6821193/b0b49/uploads/square.jpg]
[d33wubrfki0l68.cloudfront.net/08b698add86ad8a904e104d262b480626f545f0b/1e598/uploads/small-image-w800-remote-workers.png]
[d33wubrfki0l68.cloudfront.net/fb34702ff2c30bc9fc46222cd7ffcf975fdb2e0d/dbfb7/uploads/small-image-w800-empoyee-faq.png]
[Skillds.com/blog/running-remote-offsites-and-onboardings.html]
[d33wubrfki0l68.cloudfront.net/86357c242ba1571a44be3213ee48f361a8edc4fe/254cd/uploads/hs_bulletins.jpg]
[d33wubrfki0l68.cloudfront.net/eae445228fe158b3a3b5fa55d77132e00dd6503e/efc6d/uploads/thom-cummings.png]
[Skillds.com/uploads/bulletin_slides.mp4]
[Skillds.com/uploads/commenting_bulletin.mp4]
[d33wubrfki0l68.cloudfront.net/e0476a40f518dd12bd46c9da296d6eb3aeea2a60/b8462/uploads/small-image-w800-1.jpg]
[d33wubrfki0l68.cloudfront.net/b4afd9c351077a6e63dfb59dc96fa8fbde7893af/6963c/uploads/bi_bulletins.jpg]
[d33wubrfki0l68.cloudfront.net/124c0f6bdceddd9cf18e43ded7ab77fcf8447d37/3ccba/uploads/bulletins_post_small4.jpg]
[Skillds.com/blog/all-hands-team-bulletins.html]
[d33wubrfki0l68.cloudfront.net/cd9c7fc073f7077105acfac976200a6c9cda3709/2357f/uploads/jeremy_header_small.png]
[d33wubrfki0l68.cloudfront.net/dfbed3191c28db147f5c523eb65143a9164a36e4/5823e/uploads/jeremy.jpg]
[d33wubrfki0l68.cloudfront.net/3de15a0658be86e92c5c46525ea7561695929c5c/c7972/uploads/jeremy_post_1.jpg]
[d33wubrfki0l68.cloudfront.net/448ff3e69d8271bdb72f70fffcc284a4ade996b7/af295/uploads/jeremy_post_2.jpg]
[d33wubrfki0l68.cloudfront.net/c66b98d539905f00d6a90235780815504742fed6/76188/uploads/jeremy_post_8.png]
[d33wubrfki0l68.cloudfront.net/5c5dacc980c80d43b1ad7500e870266f673b2224/a8540/uploads/jeremy_post_5.jpg]
[Skillds.com/blog/from-counter-strike-to-keyboard-shortcuts.html]
[d33wubrfki0l68.cloudfront.net/3840bc9357edc1e668d3a0ebdaca44b31c4ffa33/d2977/uploads/header_small_ramsaxel.jpg]
[d33wubrfki0l68.cloudfront.net/d07f471e45a2e6319443b8cae31d3dc1983a526a/805b2/uploads/axel.jpg]
[d33wubrfki0l68.cloudfront.net/ed0746ad4ed47480accf35e8c6aab03bf9dc444b/a4140/uploads/image-1200-valuation.png]
[d33wubrfki0l68.cloudfront.net/d99375baaa2b652bf633d0f30a58e8e4f8d7344e/cf2ed/uploads/image-800-inline-editor.jpg]
[d33wubrfki0l68.cloudfront.net/3eb40c6908e5030776a9a13c54e08ecb37c3425b/0db0f/uploads/1200-Skillds-nao.jpg]
[Skillds.com/blog/why-we-redesigned-Skillds-before-we-launched.html]
[d33wubrfki0l68.cloudfront.net/36cfa7de349e2d33afa0c3f45abd2f8a4d3d13fb/49e9c/uploads/kevinspost_headersmall.jpg]
[d33wubrfki0l68.cloudfront.net/ef8b1bac9e859eb5191d38b4628c2fef6f734cd9/d89a2/uploads/kevin.jpg]
[d33wubrfki0l68.cloudfront.net/7d04260e1e8bd6f06d220e1b5690f51928439bd6/283a0/uploads/kevinspost_si1.jpg]
[d33wubrfki0l68.cloudfront.net/79aacf46f3b48524aa929b63d430065ec0f309c8/30bde/uploads/kevinspost_si3.jpg]
[Skillds.com/blog/why-you-should-develop-features-people-dont-ask-for.html]
[d33wubrfki0l68.cloudfront.net/cffc1f538b69fb607f7bfa9c7b87d86fd787a53f/b352b/uploads/header-big-w1920-1.jpg]
[d33wubrfki0l68.cloudfront.net/3af20ee4b8d8db92d19057a56cd7aa9e9d97bef9/e456e/uploads/fabriciom.jpg]
[d33wubrfki0l68.cloudfront.net/f98cf73a1206e0c2a172c224639f9ce359b1f15a/347b7/uploads/bubble-bath.jpg]
[d33wubrfki0l68.cloudfront.net/f30396eea8a5dc49c3483b835e58568acf649233/3b640/uploads/notion-feature.jpg]
[Skillds.com/uploads/fab-deck-slider.mp4]
[d33wubrfki0l68.cloudfront.net/e9b6bf88377065f72ef698b0bb242b5a5c236b8c/9d3d6/uploads/design-review-2x.jpg]
[d33wubrfki0l68.cloudfront.net/3194c5184d21116a362db6e98722c2f2c951ec6a/48933/uploads/si_designingintheopen.jpg]
[d33wubrfki0l68.cloudfront.net/3824f2150ebf372738b78154783a702a0db18d42/c4592/uploads/poll.jpg]
[d33wubrfki0l68.cloudfront.net/3dde59f8f04db75976c72353d19fa0596d88e78a/8a505/uploads/si4_designingintheopen.jpg]
[Skillds.com/blog/collaborative-design-process.html]
[d33wubrfki0l68.cloudfront.net/f775cfa296688a4a38c2928de1e8c4e70dbc0191/02c1e/uploads/tee_header_small.jpg]
[d33wubrfki0l68.cloudfront.net/6aa68eebfa113ee7ec5a3b7c49c4a19dfcf7a7ba/846e9/uploads/tee_post_books.jpg]
[d33wubrfki0l68.cloudfront.net/7f7f58ef58036f0240f125532208dc386a33651f/cf5c3/uploads/tee_post_big_1.jpg]
[d33wubrfki0l68.cloudfront.net/3c1e7c7f422a4d34c08dc34eaa5ead7383abaf83/2be13/uploads/tee_post_stylebuilder.jpg]
[d33wubrfki0l68.cloudfront.net/9d092229baa523d7f26125304d86dde2d2de3d7f/fbd2e/uploads/comparison-minimal-w1200-.jpg]
[d33wubrfki0l68.cloudfront.net/6fe1742caa065b6d62a9460b63d50605810ce38e/12efe/uploads/tee_post_slack.jpg]
[d33wubrfki0l68.cloudfront.net/0b483468f68d583746772d7e2024a9948041b1e7/25b6a/uploads/tee_post_comments.jpg]
[Skillds.com/blog/designing-presentation-templates.html]
[d33wubrfki0l68.cloudfront.net/269cd093962036ab2741514501999542071689db/493c2/uploads/kate-face.jpg]
[d33wubrfki0l68.cloudfront.net/6abd13dc44638fdee62441f9608c9c6bfdc139f1/74eaf/uploads/bigimage_ramsrefresh.jpg]
[d33wubrfki0l68.cloudfront.net/ebadb3a3ca489d5494498f4bca7f33b64dc8bfea/c072c/uploads/inlineeditor_ramsrefresh.jpg]
[d33wubrfki0l68.cloudfront.net/c5b021b5f2916e3407e560bdeeaa74d0d69242a8/42578/uploads/reactions_ramsrefresh.jpg]
[d33wubrfki0l68.cloudfront.net/a06e88dac19fa0ac06a1b10f72051ab4b4d0c389/f7fed/uploads/implementartion.jpg]
[Skillds.com/blog/Skillds-product-redesign-collaboration-features.html]
[d33wubrfki0l68.cloudfront.net/452a701bbf305f8af66e8773061ea2633063024e/306a0/uploads/header-small-w1200-.jpg]
[d33wubrfki0l68.cloudfront.net/c2757b72c3f594a3336fe3bcab1f831fa223b008/4e59c/uploads/multislide-photoshop.jpg]
[d33wubrfki0l68.cloudfront.net/201b1d38f4df20a1665c12a69f6140268600e382/45f26/uploads/guest-workspace.jpg]
[d33wubrfki0l68.cloudfront.net/037c0e0974bd2799104b025d11cbd9377a8094e2/11170/uploads/small-image-w800-presentation-mode.jpg]
[d33wubrfki0l68.cloudfront.net/80368059d60c94ef900966b5b93d3fd10e3a8ddd/39be6/uploads/big-image-w1200-.jpg]
[Skillds.com/blog/product-updates-q2-2020.html]
[d33wubrfki0l68.cloudfront.net/52b284d536c791800c35be74e07e6cd095914d29/32a98/uploads/headersmall_supercast.jpg]
[d33wubrfki0l68.cloudfront.net/a28456a75082ce51f104ecae1d17b48fe398a3c9/3c314/uploads/0.jpg]
[d33wubrfki0l68.cloudfront.net/c57e9f31c499e32f43c65d05af805d12f452bc77/ebf77/uploads/aidan.jpg]
[Skillds.com/blog/how-supercast-raised-2m-using-Skillds.html]
[d33wubrfki0l68.cloudfront.net/948032f703608c3ddf2b7aba778907354ec7b2fe/14e88/uploads/remote_header_small.jpg]
[d33wubrfki0l68.cloudfront.net/7f9f16c986cbf28732086ab09acff1179d904607/1e971/uploads/oskar_avatar.jpg]
[d33wubrfki0l68.cloudfront.net/e1ad54a9021bf630b9f2c117c255fb6398cf51c8/2bbf5/uploads/oskar_tee_post.jpg]
[d33wubrfki0l68.cloudfront.net/037a1293bb2f2134e63da0f0f96d8e48d089f7dc/f6bcb/uploads/si0_collaboratingthroughchange.jpg]
[d33wubrfki0l68.cloudfront.net/b4bcc9d21ec27208db48ea72abdf7281b2338af4/1c217/uploads/si_collaboratingthroughchange.jpg]
[d33wubrfki0l68.cloudfront.net/c0e95a0399b373189326d2361aba4a22345fd0d7/ce1d1/uploads/si_collaboratingthroughchange-1.jpg]
[d33wubrfki0l68.cloudfront.net/c0ab495438866a6d52aa1e2771f34a77cb1bb6fb/7f3c2/uploads/si_collaboratingthroughchange-3.jpg]
[d33wubrfki0l68.cloudfront.net/a843760263a78811e5276a882af88263b9536736/c12ca/uploads/si_collaboratingthroughchange-2.jpg]
[Skillds.com/blog/communicating-collaborating-through-change.html]
[d33wubrfki0l68.cloudfront.net/386a8fff594094d9b490c6f46081fd8bfbfe7ae3/2cd78/uploads/lpr_featured.jpg]
[Skillds.com/blog/shining-a-spotlight-on-our-beta-users.html]
[d33wubrfki0l68.cloudfront.net/a50c6ac5243f62422fdff7d14971104492680fa1/cb635/uploads/small_header_womens_month.jpg]
[d33wubrfki0l68.cloudfront.net/b790ec10cc9e0d604dfcd9eddd7f830b484e9e05/5e68f/uploads/avatar_vanessa.jpg]
[d33wubrfki0l68.cloudfront.net/e823c7a840e645086767f36ef00c04af07589075/2a0c3/uploads/asa.jpg]
[d33wubrfki0l68.cloudfront.net/30bd1a8943d45b1cd59e5c2ed16cda07239fab1a/fa597/uploads/maria.jpg]
[d33wubrfki0l68.cloudfront.net/71629a04d344b89a16e6f79e8ea71cdae2215eaa/7c69b/uploads/tee.jpg]
[d33wubrfki0l68.cloudfront.net/18741626d155ca8a9e278cb03913a3aac2450feb/7789f/uploads/chiara.jpg]
[d33wubrfki0l68.cloudfront.net/baa42179c464da4b5daca3adff868b107d6adad5/afa33/uploads/dovile.jpg]
[d33wubrfki0l68.cloudfront.net/8fa29c4a1431ef7a843cd356c2ba6537b787b8c0/c12a6/uploads/lu.jpg]
[d33wubrfki0l68.cloudfront.net/21cdb63c38142207d50f8f435c2439f8f04f2c1b/d47b8/uploads/kave.jpg]
[d33wubrfki0l68.cloudfront.net/2f90fa7b8639fa9fdd3558bd4f47a2e8e50bdaaa/22a94/uploads/frida.jpg]
[Skillds.com/blog/on-inclusivity-in-a-modern-workplace.html]
[d33wubrfki0l68.cloudfront.net/c64b65c664dd283828432545de0dac72b3807af3/2accc/images/testimonials/kevin.png]
[d33wubrfki0l68.cloudfront.net/93ccdb1c886f7ed7476eba52706c2a99b47d49d2/00653/images/testimonials/eric.png]
[d33wubrfki0l68.cloudfront.net/76e7732057a182bc55bd18f69754bdb3ae4a05b6/10eae/images/testimonials/ben.png]
[d33wubrfki0l68.cloudfront.net/989d4b0f8190a7a86ffc13f1ba08e9b980f8842e/fbedf/images/testimonials/nick.png]
[d33wubrfki0l68.cloudfront.net/9d64ee7f2bd82e29fbf7cf6d0a00270fc95c2509/88416/images/testimonials/andrew.png]
[d33wubrfki0l68.cloudfront.net/a4c22f83c4f081e48b8b0886a92fc3bbdab909c2/2c4ee/images/testimonials/koen.png]
[Skillds.com/blog/announcing-our-limited-preview-beta-and-new-funding.html]
[d33wubrfki0l68.cloudfront.net/d517024332d5135c7055fadb6e5864906441696e/93d9e/uploads/investors.jpg]
[Skillds.com/blog/Skillds-raises-19-million-from-index-slack-and-more.html]
[Skillds.com/whats-new/theres-a-template-for-that.html]
[Skillds.com/whats-new/tips-tricks-and-tweaks.html]
[Skillds.com/whats-new/a-focus-on-fixes.html]
[Skillds.com/whats-new/a-brand-new-look.html]
[Skillds.com/whats-new/the-art-of-charts.html]
[Skillds.com/whats-new/lock-it-up.html]
[Skillds.com/whats-new/invite-delight.html]
[Skillds.com/whats-new/templates-worth-talking-about.html]
[Skillds.com/whats-new/share-ideas-anywhere.html]
[Skillds.com/whats-new/spring-cleaning.html]
[Skillds.com/whats-new/bye-bye-bugs.html]
[Skillds.com/whats-new/an-excellent-update.html]
[Skillds.com/whats-new/a-template-for-success.html]
[Skillds.com/whats-new/lending-a-hand.html]
[Skillds.com/whats-new/multiply-your-impact.html]
[Skillds.com/whats-new/follow-along.html]
[Skillds.com/whats-new/data-is-beautiful.html]
[Skillds.com/whats-new/be-our-guest.html]
[Skillds.com/whats-new/join-us-at-the-table.html]
[Skillds.com/whats-new/a-big-reveal.html]
[Skillds.com/whats-new/add-more-style-to-your-decks.html]
[Skillds.com/whats-new/cut-yourself-some-slack.html]
[Skillds.com/whats-new/share-scan-and-discover.html]
[Skillds.com/whats-new/keep-tabs-on-all-your-work.html]
[Skillds.com/whats-new/the-shape-of-things-to-come.html]
[Skillds.com/whats-new/tons-of-tweaks.html]
[Skillds.com/whats-new/time-for-templates.html]
[Skillds.com/whats-new/work-faster-with-shortcuts.html]
[Skillds.com/whats-new/adding-endofyear-polish.html]
[Skillds.com/whats-new/public-sharing-is-caring.html]
[Skillds.com/whats-new/crossing-ts-dotting-is.html]
[Skillds.com/whats-new/the-gif-that-keeps-on-gifing.html]
[Skillds.com/whats-new/a-fonttastic-update.html]
[Skillds.com/whats-new/more-space-for-your-big-ideas.html]
[Skillds.com/whats-new/small-improvements-with-big-impact.html]
[Skillds.com/whats-new/the-key-to-faster-presentation.html]
[Skillds.com/whats-new/time-to-celebrate.html]
[Skillds.com/whats-new/beauty-in-the-details.html]
[Skillds.com/whats-new/tidy-tada.html]
[Skillds.com/whats-new/a-need-for-speed.html]
[Skillds.com/whats-new/express-yourself.html]
[Skillds.com/whats-new/youve-got-mail.html]
[Skillds.com/whats-new/houston-do-you-copy.html]
[Skillds.com/whats-new/who-doesnt-love-drop-shadows.html]
[Skillds.com/whats-new/a-Skillds-perfect-makeover.html]
[Skillds.com/whats-new/right-back-you.html]
[Skillds.com/terms-of-use/v1.0.html]
[Skillds.com/archive/dpa/dpa-v1.html]
[Skillds.com/files/legal/2019-11-18-Skillds-DPA-version-1.0.pdf]
